nohup: ignoring input
[diag] captured 0 (code) [1/35]
[diag] captured 1 (code) [2/35]
[diag] captured 2 (code) [3/35]
[diag] captured 3 (code) [4/35]
[diag] captured 4 (code) [5/35]
[diag] captured 5 (education) [6/35]
[diag] captured 6 (education) [7/35]
[diag] captured 7 (education) [8/35]
[diag] captured 8 (education) [9/35]
[diag] captured 9 (education) [10/35]
[diag] captured 10 (finance) [11/35]
[diag] captured 11 (finance) [12/35]
[diag] captured 12 (finance) [13/35]
[diag] captured 13 (finance) [14/35]
[diag] captured 14 (finance) [15/35]
[diag] captured 15 (general) [16/35]
[diag] captured 16 (general) [17/35]
[diag] captured 17 (general) [18/35]
[diag] captured 18 (general) [19/35]
[diag] captured 19 (general) [20/35]
[diag] captured 20 (legal) [21/35]
[diag] captured 21 (legal) [22/35]
[diag] captured 22 (legal) [23/35]
[diag] captured 23 (legal) [24/35]
[diag] captured 24 (legal) [25/35]
[diag] captured 25 (math) [26/35]
[diag] captured 26 (math) [27/35]
[diag] captured 27 (math) [28/35]
[diag] captured 28 (math) [29/35]
[diag] captured 29 (math) [30/35]
[diag] captured 30 (medical) [31/35]
[diag] captured 31 (medical) [32/35]
[diag] captured 32 (medical) [33/35]
[diag] captured 33 (medical) [34/35]
[diag] captured 34 (medical) [35/35]
[swap] c0(code) local=nan intra=nan inter=nan
[swap] c1(code) local=nan intra=nan inter=nan
[swap] c2(code) local=nan intra=nan inter=nan
[swap] c3(code) local=nan intra=nan inter=nan
[swap] c4(code) local=nan intra=nan inter=nan
[swap] c5(education) local=nan intra=nan inter=nan
[swap] c6(education) local=nan intra=nan inter=nan
[swap] c7(education) local=nan intra=nan inter=nan
[swap] c8(education) local=nan intra=nan inter=nan
[swap] c9(education) local=nan intra=nan inter=nan
[swap] c10(finance) local=2.1051 intra=2.0908 inter=2.3920
[swap] c11(finance) local=2.0596 intra=2.0978 inter=2.3089
[swap] c12(finance) local=2.1140 intra=2.1056 inter=2.3387
[swap] c13(finance) local=2.1066 intra=2.1021 inter=2.2996
[swap] c14(finance) local=2.0597 intra=2.0904 inter=2.3061
[swap] c15(general) local=nan intra=nan inter=nan
[swap] c16(general) local=nan intra=nan inter=nan
[swap] c17(general) local=nan intra=nan inter=nan
[swap] c18(general) local=nan intra=nan inter=nan
[swap] c19(general) local=nan intra=nan inter=nan
[swap] c20(legal) local=nan intra=nan inter=nan
[swap] c21(legal) local=nan intra=nan inter=nan
[swap] c22(legal) local=nan intra=nan inter=nan
[swap] c23(legal) local=nan intra=nan inter=nan
[swap] c24(legal) local=nan intra=nan inter=nan
[swap] c25(math) local=1.0891 intra=1.1125 inter=1.2434
[swap] c26(math) local=1.0906 intra=1.1119 inter=1.3009
[swap] c27(math) local=1.1132 intra=1.1116 inter=1.2323
[swap] c28(math) local=1.1269 intra=1.1141 inter=1.2512
[swap] c29(math) local=1.1332 intra=1.1145 inter=1.2703
[swap] c30(medical) local=1.7610 intra=1.7858 inter=2.0148
[swap] c31(medical) local=1.7783 intra=1.7869 inter=1.9600
[swap] c32(medical) local=1.7749 intra=1.7809 inter=1.9461
[swap] c33(medical) local=1.8247 intra=1.7866 inter=1.9971
[swap] c34(medical) local=1.7660 intra=1.7854 inter=1.9495

============ 同域 B 互换诊断结果 ============
loss  local=1.6602  swap_intra=1.6651  swap_inter=1.8540
acc   local=0.6104  swap_intra=0.6093  swap_inter=0.5882
Δloss 同域互换=+0.0049 (+0.3% of local)  跨域互换=+0.1939
intra/inter 比值=0.025
--------------------------------------------
[判读] 同域 B 互换几乎无损(<5%)且远小于跨域 -> 域内 B 可共享/去噪 -> 新方法成立(域内B共识、跨域隔离)。

[diag] 已保存: /data/yaominghao/gb/result/FedPLoRA/audit_20260718/analysis/diag_b_swap_seed44.json
	Command being timed: "python -u scripts/Analysis/diag_b_swap.py --model /data/yaominghao/gb/models/SmolLM2-135M --benchmark_dir /data/yaominghao/gb/FedPLoRA/data/domain_benchmark_35c_dir05/seed_44 --target_modules q_proj,k_proj,v_proj,o_proj,gate_proj,up_proj,down_proj --torch_dtype bfloat16 --batch_size 2 --eval_batch_size 2 --max_seq_length 256 --lr 0.0002 --local_epochs 1 --max_steps 0 --eval_max_batches 20 --n_peers 4 --n_cross 2 --seed 44 --out /data/yaominghao/gb/result/FedPLoRA/audit_20260718/analysis/diag_b_swap_seed44.json"
	User time (seconds): 1370.28
	System time (seconds): 10.77
	Percent of CPU this job got: 96%
	Elapsed (wall clock) time (h:mm:ss or m:ss): 23:55.89
	Average shared text size (kbytes): 0
	Average unshared data size (kbytes): 0
	Average stack size (kbytes): 0
	Average total size (kbytes): 0
	Maximum resident set size (kbytes): 1991904
	Average resident set size (kbytes): 0
	Major (requiring I/O) page faults: 1
	Minor (reclaiming a frame) page faults: 3073583
	Voluntary context switches: 23568
	Involuntary context switches: 432847
	Swaps: 0
	File system inputs: 0
	File system outputs: 392
	Socket messages sent: 0
	Socket messages received: 0
	Signals delivered: 0
	Page size (bytes): 4096
	Exit status: 0
