nohup: ignoring input
[preflight] use explicit BENCHMARK_DIR_MAIN=/data/yaominghao/gb/FedPLoRA/data/domain_benchmark_35c_dir05/seed_42
[preflight] module_path_ok modules=v8,v9,v10,v11,v12,v13,lora_expert,utils,train_eval
[preflight] benchmark_ok path=/data/yaominghao/gb/FedPLoRA/data/domain_benchmark_35c_dir05/seed_42 clients=35 domains={'code': 5, 'education': 5, 'finance': 5, 'general': 5, 'legal': 5, 'math': 5, 'medical': 5}
[run][main] SEED=42
[run][main] BENCHMARK_DIR=/data/yaominghao/gb/FedPLoRA/data/domain_benchmark_35c_dir05/seed_42
[run][main] RUN_ID=v12_20260709_main_35c_dir05_r10_finaleval_seed42
[run][main] RUN_ROOT=/data/yaominghao/gb/result/FedPLoRA/v12_20260709_main_35c_dir05_r10_finaleval_seed42
[preflight][ok] main preflight loaded.
[preflight][ok] 后续可直接运行 order 中的 smoke / 正式实验段。
[preflight] benchmark_ok path=/data/yaominghao/gb/FedPLoRA/data/domain_benchmark_35c_dir05/seed_42 clients=35 domains={'code': 5, 'education': 5, 'finance': 5, 'general': 5, 'legal': 5, 'math': 5, 'medical': 5}
{
  "fingerprint_version": 1,
  "split_dir": "/data/yaominghao/gb/FedPLoRA/data/domain_benchmark_35c_dir05/seed_42",
  "combined_sha256": "43f0ac1c039e7ac2962fe6fafcb05f2c022e7f3f81794440d2c89f9223bed7af",
  "files_sha256": {
    "clients.json": "0c38e796585b45da7be980a5e42f479accd846a95bd71606aed1b33e67f6fac1",
    "domain_stats.json": "c55fb87f7605fb8e141190203edc728f7ff077c2033495ded325f2d10092c030",
    "train.jsonl": "001ed19a9f25e5feda66ca21c0fdfaa8c83c3a7dd32802cf12c59e2e9b400c38",
    "val.jsonl": "b01548460c26d861d1ca053eba649048c1cf4e31b40c82206c398366ee504217",
    "test_local.jsonl": "78b53ac39c168ba11618ca314e55b6bf069521b2e98ec55164fe6a872e017cd9",
    "test_domain.jsonl": "5adade2ad1dd6d156a277c3c47c440facb8ad3287a1ff3dc66067c06c000dba6",
    "test_global.jsonl": "5adade2ad1dd6d156a277c3c47c440facb8ad3287a1ff3dc66067c06c000dba6"
  },
  "file_sizes": {
    "clients.json": 3972,
    "domain_stats.json": 806,
    "train.jsonl": 15650634,
    "val.jsonl": 1759196,
    "test_local.jsonl": 1891341,
    "test_domain.jsonl": 2032034,
    "test_global.jsonl": 2032034
  },
  "split_counts": {
    "train": 9012,
    "val": 1107,
    "test_local": 1107,
    "test_domain": 1247,
    "test_global": 1247
  },
  "clients": {
    "num_clients": 35,
    "domain_counts": {
      "code": 5,
      "education": 5,
      "finance": 5,
      "general": 5,
      "legal": 5,
      "math": 5,
      "medical": 5
    },
    "total_n_train_manifest": 9012,
    "total_n_val_manifest": 1107,
    "total_n_local_test_manifest": 1107,
    "min_n_train": 40,
    "median_n_train": 256.0,
    "max_n_train": 674,
    "per_client_manifest": {
      "0": {
        "domain": "code",
        "n_train": 225,
        "n_val": 27,
        "n_local_test": 27
      },
      "1": {
        "domain": "code",
        "n_train": 175,
        "n_val": 21,
        "n_local_test": 21
      },
      "2": {
        "domain": "code",
        "n_train": 368,
        "n_val": 45,
        "n_local_test": 45
      },
      "3": {
        "domain": "code",
        "n_train": 392,
        "n_val": 49,
        "n_local_test": 49
      },
      "4": {
        "domain": "code",
        "n_train": 286,
        "n_val": 35,
        "n_local_test": 35
      },
      "5": {
        "domain": "education",
        "n_train": 40,
        "n_val": 5,
        "n_local_test": 5
      },
      "6": {
        "domain": "education",
        "n_train": 59,
        "n_val": 7,
        "n_local_test": 7
      },
      "7": {
        "domain": "education",
        "n_train": 64,
        "n_val": 8,
        "n_local_test": 8
      },
      "8": {
        "domain": "education",
        "n_train": 77,
        "n_val": 9,
        "n_local_test": 9
      },
      "9": {
        "domain": "education",
        "n_train": 104,
        "n_val": 12,
        "n_local_test": 12
      },
      "10": {
        "domain": "finance",
        "n_train": 203,
        "n_val": 25,
        "n_local_test": 25
      },
      "11": {
        "domain": "finance",
        "n_train": 296,
        "n_val": 36,
        "n_local_test": 36
      },
      "12": {
        "domain": "finance",
        "n_train": 258,
        "n_val": 32,
        "n_local_test": 32
      },
      "13": {
        "domain": "finance",
        "n_train": 295,
        "n_val": 36,
        "n_local_test": 36
      },
      "14": {
        "domain": "finance",
        "n_train": 392,
        "n_val": 49,
        "n_local_test": 49
      },
      "15": {
        "domain": "general",
        "n_train": 305,
        "n_val": 38,
        "n_local_test": 38
      },
      "16": {
        "domain": "general",
        "n_train": 504,
        "n_val": 62,
        "n_local_test": 62
      },
      "17": {
        "domain": "general",
        "n_train": 201,
        "n_val": 25,
        "n_local_test": 25
      },
      "18": {
        "domain": "general",
        "n_train": 273,
        "n_val": 33,
        "n_local_test": 33
      },
      "19": {
        "domain": "general",
        "n_train": 161,
        "n_val": 20,
        "n_local_test": 20
      },
      "20": {
        "domain": "legal",
        "n_train": 145,
        "n_val": 17,
        "n_local_test": 17
      },
      "21": {
        "domain": "legal",
        "n_train": 352,
        "n_val": 44,
        "n_local_test": 44
      },
      "22": {
        "domain": "legal",
        "n_train": 77,
        "n_val": 9,
        "n_local_test": 9
      },
      "23": {
        "domain": "legal",
        "n_train": 240,
        "n_val": 29,
        "n_local_test": 29
      },
      "24": {
        "domain": "legal",
        "n_train": 632,
        "n_val": 78,
        "n_local_test": 78
      },
      "25": {
        "domain": "math",
        "n_train": 674,
        "n_val": 84,
        "n_local_test": 84
      },
      "26": {
        "domain": "math",
        "n_train": 126,
        "n_val": 15,
        "n_local_test": 15
      },
      "27": {
        "domain": "math",
        "n_train": 243,
        "n_val": 30,
        "n_local_test": 30
      },
      "28": {
        "domain": "math",
        "n_train": 268,
        "n_val": 33,
        "n_local_test": 33
      },
      "29": {
        "domain": "math",
        "n_train": 133,
        "n_val": 16,
        "n_local_test": 16
      },
      "30": {
        "domain": "medical",
        "n_train": 305,
        "n_val": 38,
        "n_local_test": 38
      },
      "31": {
        "domain": "medical",
        "n_train": 276,
        "n_val": 34,
        "n_local_test": 34
      },
      "32": {
        "domain": "medical",
        "n_train": 256,
        "n_val": 32,
        "n_local_test": 32
      },
      "33": {
        "domain": "medical",
        "n_train": 393,
        "n_val": 48,
        "n_local_test": 48
      },
      "34": {
        "domain": "medical",
        "n_train": 214,
        "n_val": 26,
        "n_local_test": 26
      }
    }
  },
  "row_counts_by_client": {
    "train": {
      "0": 225,
      "1": 175,
      "2": 368,
      "3": 392,
      "4": 286,
      "5": 40,
      "6": 59,
      "7": 64,
      "8": 77,
      "9": 104,
      "10": 203,
      "11": 296,
      "12": 258,
      "13": 295,
      "14": 392,
      "15": 305,
      "16": 504,
      "17": 201,
      "18": 273,
      "19": 161,
      "20": 145,
      "21": 352,
      "22": 77,
      "23": 240,
      "24": 632,
      "25": 674,
      "26": 126,
      "27": 243,
      "28": 268,
      "29": 133,
      "30": 305,
      "31": 276,
      "32": 256,
      "33": 393,
      "34": 214
    },
    "val": {
      "0": 27,
      "1": 21,
      "2": 45,
      "3": 49,
      "4": 35,
      "5": 5,
      "6": 7,
      "7": 8,
      "8": 9,
      "9": 12,
      "10": 25,
      "11": 36,
      "12": 32,
      "13": 36,
      "14": 49,
      "15": 38,
      "16": 62,
      "17": 25,
      "18": 33,
      "19": 20,
      "20": 17,
      "21": 44,
      "22": 9,
      "23": 29,
      "24": 78,
      "25": 84,
      "26": 15,
      "27": 30,
      "28": 33,
      "29": 16,
      "30": 38,
      "31": 34,
      "32": 32,
      "33": 48,
      "34": 26
    },
    "test_local": {
      "0": 27,
      "1": 21,
      "2": 45,
      "3": 49,
      "4": 35,
      "5": 5,
      "6": 7,
      "7": 8,
      "8": 9,
      "9": 12,
      "10": 25,
      "11": 36,
      "12": 32,
      "13": 36,
      "14": 49,
      "15": 38,
      "16": 62,
      "17": 25,
      "18": 33,
      "19": 20,
      "20": 17,
      "21": 44,
      "22": 9,
      "23": 29,
      "24": 78,
      "25": 84,
      "26": 15,
      "27": 30,
      "28": 33,
      "29": 16,
      "30": 38,
      "31": 34,
      "32": 32,
      "33": 48,
      "34": 26
    },
    "test_domain": {},
    "test_global": {}
  },
  "row_counts_by_domain": {
    "train": {
      "code": 1446,
      "education": 344,
      "finance": 1444,
      "general": 1444,
      "legal": 1446,
      "math": 1444,
      "medical": 1444
    },
    "val": {
      "code": 177,
      "education": 41,
      "finance": 178,
      "general": 178,
      "legal": 177,
      "math": 178,
      "medical": 178
    },
    "test_local": {
      "code": 177,
      "education": 41,
      "finance": 178,
      "general": 178,
      "legal": 177,
      "math": 178,
      "medical": 178
    },
    "test_domain": {
      "code": 200,
      "education": 47,
      "finance": 200,
      "general": 200,
      "legal": 200,
      "math": 200,
      "medical": 200
    },
    "test_global": {
      "code": 200,
      "education": 47,
      "finance": 200,
      "general": 200,
      "legal": 200,
      "math": 200,
      "medical": 200
    }
  }
}
[preflight] benchmark_ok path=/data/yaominghao/gb/FedPLoRA/data/domain_benchmark_35c_dir05/seed_43 clients=35 domains={'code': 5, 'education': 5, 'finance': 5, 'general': 5, 'legal': 5, 'math': 5, 'medical': 5}
{
  "fingerprint_version": 1,
  "split_dir": "/data/yaominghao/gb/FedPLoRA/data/domain_benchmark_35c_dir05/seed_43",
  "combined_sha256": "d2fc300bc3703343f3dd52c55b87f86b83beee4b3d93bc7405e856bac98401b8",
  "files_sha256": {
    "clients.json": "2ca4c7c381ed3b22bacd1c307ebab3a6473fe7413a2c0f5efcb15d64f84a41bd",
    "domain_stats.json": "c55fb87f7605fb8e141190203edc728f7ff077c2033495ded325f2d10092c030",
    "train.jsonl": "69b18cb9788be5a88c207f613fb401e18279d9f3e156d1a8d3d61f1aad90e4f6",
    "val.jsonl": "17793fae9bba349d47fac821d5121ac5151f52f2bacaac47208cc3b59ade8ecf",
    "test_local.jsonl": "d597495b657dfd5da6ce8c7104e2c1a2441ccf6e6ec0b21141b894b7c91f1cab",
    "test_domain.jsonl": "4fc29d3a4676f6d4f8cf51bbfb3a4dbd93ba0ddc74e92006d1d4d5cfc4de4ad0",
    "test_global.jsonl": "4fc29d3a4676f6d4f8cf51bbfb3a4dbd93ba0ddc74e92006d1d4d5cfc4de4ad0"
  },
  "file_sizes": {
    "clients.json": 3975,
    "domain_stats.json": 806,
    "train.jsonl": 15669227,
    "val.jsonl": 1844064,
    "test_local.jsonl": 1932937,
    "test_domain.jsonl": 2126091,
    "test_global.jsonl": 2126091
  },
  "split_counts": {
    "train": 9008,
    "val": 1109,
    "test_local": 1109,
    "test_domain": 1247,
    "test_global": 1247
  },
  "clients": {
    "num_clients": 35,
    "domain_counts": {
      "code": 5,
      "education": 5,
      "finance": 5,
      "general": 5,
      "legal": 5,
      "math": 5,
      "medical": 5
    },
    "total_n_train_manifest": 9008,
    "total_n_val_manifest": 1109,
    "total_n_local_test_manifest": 1109,
    "min_n_train": 40,
    "median_n_train": 247.0,
    "max_n_train": 756,
    "per_client_manifest": {
      "0": {
        "domain": "code",
        "n_train": 233,
        "n_val": 29,
        "n_local_test": 29
      },
      "1": {
        "domain": "code",
        "n_train": 140,
        "n_val": 17,
        "n_local_test": 17
      },
      "2": {
        "domain": "code",
        "n_train": 435,
        "n_val": 54,
        "n_local_test": 54
      },
      "3": {
        "domain": "code",
        "n_train": 389,
        "n_val": 48,
        "n_local_test": 48
      },
      "4": {
        "domain": "code",
        "n_train": 247,
        "n_val": 30,
        "n_local_test": 30
      },
      "5": {
        "domain": "education",
        "n_train": 125,
        "n_val": 15,
        "n_local_test": 15
      },
      "6": {
        "domain": "education",
        "n_train": 40,
        "n_val": 5,
        "n_local_test": 5
      },
      "7": {
        "domain": "education",
        "n_train": 40,
        "n_val": 5,
        "n_local_test": 5
      },
      "8": {
        "domain": "education",
        "n_train": 45,
        "n_val": 5,
        "n_local_test": 5
      },
      "9": {
        "domain": "education",
        "n_train": 94,
        "n_val": 11,
        "n_local_test": 11
      },
      "10": {
        "domain": "finance",
        "n_train": 169,
        "n_val": 21,
        "n_local_test": 21
      },
      "11": {
        "domain": "finance",
        "n_train": 442,
        "n_val": 55,
        "n_local_test": 55
      },
      "12": {
        "domain": "finance",
        "n_train": 220,
        "n_val": 27,
        "n_local_test": 27
      },
      "13": {
        "domain": "finance",
        "n_train": 332,
        "n_val": 41,
        "n_local_test": 41
      },
      "14": {
        "domain": "finance",
        "n_train": 281,
        "n_val": 34,
        "n_local_test": 34
      },
      "15": {
        "domain": "general",
        "n_train": 452,
        "n_val": 56,
        "n_local_test": 56
      },
      "16": {
        "domain": "general",
        "n_train": 129,
        "n_val": 16,
        "n_local_test": 16
      },
      "17": {
        "domain": "general",
        "n_train": 491,
        "n_val": 61,
        "n_local_test": 61
      },
      "18": {
        "domain": "general",
        "n_train": 124,
        "n_val": 15,
        "n_local_test": 15
      },
      "19": {
        "domain": "general",
        "n_train": 248,
        "n_val": 30,
        "n_local_test": 30
      },
      "20": {
        "domain": "legal",
        "n_train": 86,
        "n_val": 10,
        "n_local_test": 10
      },
      "21": {
        "domain": "legal",
        "n_train": 232,
        "n_val": 28,
        "n_local_test": 28
      },
      "22": {
        "domain": "legal",
        "n_train": 756,
        "n_val": 94,
        "n_local_test": 94
      },
      "23": {
        "domain": "legal",
        "n_train": 183,
        "n_val": 22,
        "n_local_test": 22
      },
      "24": {
        "domain": "legal",
        "n_train": 189,
        "n_val": 23,
        "n_local_test": 23
      },
      "25": {
        "domain": "math",
        "n_train": 93,
        "n_val": 11,
        "n_local_test": 11
      },
      "26": {
        "domain": "math",
        "n_train": 299,
        "n_val": 37,
        "n_local_test": 37
      },
      "27": {
        "domain": "math",
        "n_train": 520,
        "n_val": 65,
        "n_local_test": 65
      },
      "28": {
        "domain": "math",
        "n_train": 280,
        "n_val": 35,
        "n_local_test": 35
      },
      "29": {
        "domain": "math",
        "n_train": 250,
        "n_val": 31,
        "n_local_test": 31
      },
      "30": {
        "domain": "medical",
        "n_train": 447,
        "n_val": 55,
        "n_local_test": 55
      },
      "31": {
        "domain": "medical",
        "n_train": 316,
        "n_val": 39,
        "n_local_test": 39
      },
      "32": {
        "domain": "medical",
        "n_train": 267,
        "n_val": 33,
        "n_local_test": 33
      },
      "33": {
        "domain": "medical",
        "n_train": 129,
        "n_val": 16,
        "n_local_test": 16
      },
      "34": {
        "domain": "medical",
        "n_train": 285,
        "n_val": 35,
        "n_local_test": 35
      }
    }
  },
  "row_counts_by_client": {
    "train": {
      "0": 233,
      "1": 140,
      "2": 435,
      "3": 389,
      "4": 247,
      "5": 125,
      "6": 40,
      "7": 40,
      "8": 45,
      "9": 94,
      "10": 169,
      "11": 442,
      "12": 220,
      "13": 332,
      "14": 281,
      "15": 452,
      "16": 129,
      "17": 491,
      "18": 124,
      "19": 248,
      "20": 86,
      "21": 232,
      "22": 756,
      "23": 183,
      "24": 189,
      "25": 93,
      "26": 299,
      "27": 520,
      "28": 280,
      "29": 250,
      "30": 447,
      "31": 316,
      "32": 267,
      "33": 129,
      "34": 285
    },
    "val": {
      "0": 29,
      "1": 17,
      "2": 54,
      "3": 48,
      "4": 30,
      "5": 15,
      "6": 5,
      "7": 5,
      "8": 5,
      "9": 11,
      "10": 21,
      "11": 55,
      "12": 27,
      "13": 41,
      "14": 34,
      "15": 56,
      "16": 16,
      "17": 61,
      "18": 15,
      "19": 30,
      "20": 10,
      "21": 28,
      "22": 94,
      "23": 22,
      "24": 23,
      "25": 11,
      "26": 37,
      "27": 65,
      "28": 35,
      "29": 31,
      "30": 55,
      "31": 39,
      "32": 33,
      "33": 16,
      "34": 35
    },
    "test_local": {
      "0": 29,
      "1": 17,
      "2": 54,
      "3": 48,
      "4": 30,
      "5": 15,
      "6": 5,
      "7": 5,
      "8": 5,
      "9": 11,
      "10": 21,
      "11": 55,
      "12": 27,
      "13": 41,
      "14": 34,
      "15": 56,
      "16": 16,
      "17": 61,
      "18": 15,
      "19": 30,
      "20": 10,
      "21": 28,
      "22": 94,
      "23": 22,
      "24": 23,
      "25": 11,
      "26": 37,
      "27": 65,
      "28": 35,
      "29": 31,
      "30": 55,
      "31": 39,
      "32": 33,
      "33": 16,
      "34": 35
    },
    "test_domain": {},
    "test_global": {}
  },
  "row_counts_by_domain": {
    "train": {
      "code": 1444,
      "education": 344,
      "finance": 1444,
      "general": 1444,
      "legal": 1446,
      "math": 1442,
      "medical": 1444
    },
    "val": {
      "code": 178,
      "education": 41,
      "finance": 178,
      "general": 178,
      "legal": 177,
      "math": 179,
      "medical": 178
    },
    "test_local": {
      "code": 178,
      "education": 41,
      "finance": 178,
      "general": 178,
      "legal": 177,
      "math": 179,
      "medical": 178
    },
    "test_domain": {
      "code": 200,
      "education": 47,
      "finance": 200,
      "general": 200,
      "legal": 200,
      "math": 200,
      "medical": 200
    },
    "test_global": {
      "code": 200,
      "education": 47,
      "finance": 200,
      "general": 200,
      "legal": 200,
      "math": 200,
      "medical": 200
    }
  }
}
[preflight] benchmark_ok path=/data/yaominghao/gb/FedPLoRA/data/domain_benchmark_35c_dir05/seed_44 clients=35 domains={'code': 5, 'education': 5, 'finance': 5, 'general': 5, 'legal': 5, 'math': 5, 'medical': 5}
{
  "fingerprint_version": 1,
  "split_dir": "/data/yaominghao/gb/FedPLoRA/data/domain_benchmark_35c_dir05/seed_44",
  "combined_sha256": "411b37995668e3561ad4e0dda838f3e99168e06d0c6cb72fa67b3966ab329c3b",
  "files_sha256": {
    "clients.json": "5e4e98655c70f5b44a6fa052a43e2d95db50867ee9f3b9386cac06f7188f7654",
    "domain_stats.json": "c55fb87f7605fb8e141190203edc728f7ff077c2033495ded325f2d10092c030",
    "train.jsonl": "021d3239128666b7762912d66016258a91a7f08206c9a3ce90cd22171f7cd1a5",
    "val.jsonl": "d7b4d765af1d692bc6b245c8ca0192314ec1721cf1e7def2e6800dd1f19c7672",
    "test_local.jsonl": "4cfb953cc0dd9e0a7c21fafea91dd74700a4e93edaf0d0c620c90fecc6311194",
    "test_domain.jsonl": "273e86f61eafe6881830570668138a18a2495def3f058f605c3fe9a0ef5814d6",
    "test_global.jsonl": "273e86f61eafe6881830570668138a18a2495def3f058f605c3fe9a0ef5814d6"
  },
  "file_sizes": {
    "clients.json": 3970,
    "domain_stats.json": 806,
    "train.jsonl": 15062180,
    "val.jsonl": 1843931,
    "test_local.jsonl": 1983117,
    "test_domain.jsonl": 2079774,
    "test_global.jsonl": 2079774
  },
  "split_counts": {
    "train": 9012,
    "val": 1107,
    "test_local": 1107,
    "test_domain": 1247,
    "test_global": 1247
  },
  "clients": {
    "num_clients": 35,
    "domain_counts": {
      "code": 5,
      "education": 5,
      "finance": 5,
      "general": 5,
      "legal": 5,
      "math": 5,
      "medical": 5
    },
    "total_n_train_manifest": 9012,
    "total_n_val_manifest": 1107,
    "total_n_local_test_manifest": 1107,
    "min_n_train": 40,
    "median_n_train": 224.0,
    "max_n_train": 1020,
    "per_client_manifest": {
      "0": {
        "domain": "code",
        "n_train": 195,
        "n_val": 24,
        "n_local_test": 24
      },
      "1": {
        "domain": "code",
        "n_train": 289,
        "n_val": 35,
        "n_local_test": 35
      },
      "2": {
        "domain": "code",
        "n_train": 463,
        "n_val": 57,
        "n_local_test": 57
      },
      "3": {
        "domain": "code",
        "n_train": 409,
        "n_val": 50,
        "n_local_test": 50
      },
      "4": {
        "domain": "code",
        "n_train": 90,
        "n_val": 11,
        "n_local_test": 11
      },
      "5": {
        "domain": "education",
        "n_train": 60,
        "n_val": 7,
        "n_local_test": 7
      },
      "6": {
        "domain": "education",
        "n_train": 40,
        "n_val": 5,
        "n_local_test": 5
      },
      "7": {
        "domain": "education",
        "n_train": 79,
        "n_val": 9,
        "n_local_test": 9
      },
      "8": {
        "domain": "education",
        "n_train": 86,
        "n_val": 10,
        "n_local_test": 10
      },
      "9": {
        "domain": "education",
        "n_train": 81,
        "n_val": 9,
        "n_local_test": 9
      },
      "10": {
        "domain": "finance",
        "n_train": 305,
        "n_val": 38,
        "n_local_test": 38
      },
      "11": {
        "domain": "finance",
        "n_train": 275,
        "n_val": 34,
        "n_local_test": 34
      },
      "12": {
        "domain": "finance",
        "n_train": 152,
        "n_val": 18,
        "n_local_test": 18
      },
      "13": {
        "domain": "finance",
        "n_train": 145,
        "n_val": 17,
        "n_local_test": 17
      },
      "14": {
        "domain": "finance",
        "n_train": 569,
        "n_val": 70,
        "n_local_test": 70
      },
      "15": {
        "domain": "general",
        "n_train": 136,
        "n_val": 17,
        "n_local_test": 17
      },
      "16": {
        "domain": "general",
        "n_train": 539,
        "n_val": 67,
        "n_local_test": 67
      },
      "17": {
        "domain": "general",
        "n_train": 363,
        "n_val": 45,
        "n_local_test": 45
      },
      "18": {
        "domain": "general",
        "n_train": 180,
        "n_val": 22,
        "n_local_test": 22
      },
      "19": {
        "domain": "general",
        "n_train": 224,
        "n_val": 28,
        "n_local_test": 28
      },
      "20": {
        "domain": "legal",
        "n_train": 232,
        "n_val": 29,
        "n_local_test": 29
      },
      "21": {
        "domain": "legal",
        "n_train": 1020,
        "n_val": 127,
        "n_local_test": 127
      },
      "22": {
        "domain": "legal",
        "n_train": 40,
        "n_val": 5,
        "n_local_test": 5
      },
      "23": {
        "domain": "legal",
        "n_train": 40,
        "n_val": 5,
        "n_local_test": 5
      },
      "24": {
        "domain": "legal",
        "n_train": 110,
        "n_val": 13,
        "n_local_test": 13
      },
      "25": {
        "domain": "math",
        "n_train": 388,
        "n_val": 48,
        "n_local_test": 48
      },
      "26": {
        "domain": "math",
        "n_train": 408,
        "n_val": 50,
        "n_local_test": 50
      },
      "27": {
        "domain": "math",
        "n_train": 278,
        "n_val": 34,
        "n_local_test": 34
      },
      "28": {
        "domain": "math",
        "n_train": 192,
        "n_val": 23,
        "n_local_test": 23
      },
      "29": {
        "domain": "math",
        "n_train": 180,
        "n_val": 22,
        "n_local_test": 22
      },
      "30": {
        "domain": "medical",
        "n_train": 385,
        "n_val": 48,
        "n_local_test": 48
      },
      "31": {
        "domain": "medical",
        "n_train": 249,
        "n_val": 30,
        "n_local_test": 30
      },
      "32": {
        "domain": "medical",
        "n_train": 347,
        "n_val": 43,
        "n_local_test": 43
      },
      "33": {
        "domain": "medical",
        "n_train": 158,
        "n_val": 19,
        "n_local_test": 19
      },
      "34": {
        "domain": "medical",
        "n_train": 305,
        "n_val": 38,
        "n_local_test": 38
      }
    }
  },
  "row_counts_by_client": {
    "train": {
      "0": 195,
      "1": 289,
      "2": 463,
      "3": 409,
      "4": 90,
      "5": 60,
      "6": 40,
      "7": 79,
      "8": 86,
      "9": 81,
      "10": 305,
      "11": 275,
      "12": 152,
      "13": 145,
      "14": 569,
      "15": 136,
      "16": 539,
      "17": 363,
      "18": 180,
      "19": 224,
      "20": 232,
      "21": 1020,
      "22": 40,
      "23": 40,
      "24": 110,
      "25": 388,
      "26": 408,
      "27": 278,
      "28": 192,
      "29": 180,
      "30": 385,
      "31": 249,
      "32": 347,
      "33": 158,
      "34": 305
    },
    "val": {
      "0": 24,
      "1": 35,
      "2": 57,
      "3": 50,
      "4": 11,
      "5": 7,
      "6": 5,
      "7": 9,
      "8": 10,
      "9": 9,
      "10": 38,
      "11": 34,
      "12": 18,
      "13": 17,
      "14": 70,
      "15": 17,
      "16": 67,
      "17": 45,
      "18": 22,
      "19": 28,
      "20": 29,
      "21": 127,
      "22": 5,
      "23": 5,
      "24": 13,
      "25": 48,
      "26": 50,
      "27": 34,
      "28": 23,
      "29": 22,
      "30": 48,
      "31": 30,
      "32": 43,
      "33": 19,
      "34": 38
    },
    "test_local": {
      "0": 24,
      "1": 35,
      "2": 57,
      "3": 50,
      "4": 11,
      "5": 7,
      "6": 5,
      "7": 9,
      "8": 10,
      "9": 9,
      "10": 38,
      "11": 34,
      "12": 18,
      "13": 17,
      "14": 70,
      "15": 17,
      "16": 67,
      "17": 45,
      "18": 22,
      "19": 28,
      "20": 29,
      "21": 127,
      "22": 5,
      "23": 5,
      "24": 13,
      "25": 48,
      "26": 50,
      "27": 34,
      "28": 23,
      "29": 22,
      "30": 48,
      "31": 30,
      "32": 43,
      "33": 19,
      "34": 38
    },
    "test_domain": {},
    "test_global": {}
  },
  "row_counts_by_domain": {
    "train": {
      "code": 1446,
      "education": 346,
      "finance": 1446,
      "general": 1442,
      "legal": 1442,
      "math": 1446,
      "medical": 1444
    },
    "val": {
      "code": 177,
      "education": 40,
      "finance": 177,
      "general": 179,
      "legal": 179,
      "math": 177,
      "medical": 178
    },
    "test_local": {
      "code": 177,
      "education": 40,
      "finance": 177,
      "general": 179,
      "legal": 179,
      "math": 177,
      "medical": 178
    },
    "test_domain": {
      "code": 200,
      "education": 47,
      "finance": 200,
      "general": 200,
      "legal": 200,
      "math": 200,
      "medical": 200
    },
    "test_global": {
      "code": 200,
      "education": 47,
      "finance": 200,
      "general": 200,
      "legal": 200,
      "math": 200,
      "medical": 200
    }
  }
}
